{
    "name": "dotherightthing/wpdtrt-plugin",
    "autoload": {
        "psr-4": {
            "DoTheRightThing\\WPPlugin\\r_0_12_345\\": "src"
        }
    }
}
