{
  "name": "wpdtrt-plugin",
  "version": "1.0.0"
}
