
=== DTRT WP Plugin ===
Contributors: dotherightthingnz
Donate link: http://dotherightthing.co.nz
Tags: boilerplate,
Requires at least: 4.8.1
Tested up to: 4.9.5
Requires PHP: 5.6.30
Stable tag: 1.0.0
License: GPLv2 or later
License URI: http://www.gnu.org/licenses/gpl-2.0.html

Base classes for a WordPress plugin and associated shortcodes and widgets.

== Changelog ==

= 1.0.0 =

= 0.12.345 =
* gulp bump - Allow for up to 3 digits in each of the major/minor/patch semver numbers
