
=== DTRT Test ===
Contributors: dotherightthingnz
Donate link: http://dotherightthing.co.nz
Tags: test
Requires at least: 4.8.2
Tested up to: 4.9.5
Requires PHP: 5.6.30
Stable tag: 1.0.0
License: GPLv2 or later
License URI: http://www.gnu.org/licenses/gpl-2.0.html

...
