{
  "name": "wpdtrt-plugin-child",
  "version": "0.12.345"
}
