
=== DTRT Plugin Child ===
Contributors: dotherightthingnz
Donate link: http://dotherightthing.co.nz
Tags: blocks, maps, swatches
Requires at least: 4.9.5
Tested up to: 4.9.5
Requires PHP: 5.6.30
Stable tag: 2.0.0
License: GPLv2 or later
License URI: http://www.gnu.org/licenses/gpl-2.0.html

Demo plugin which uses wpdtrt-plugin.

== Description ==

Demo plugin which uses wpdtrt-plugin.

== Screenshots ==

1. The caption for ./images/screenshot-1.(png|jpg|jpeg|gif)
2. The caption for ./images/screenshot-2.(png|jpg|jpeg|gif)

== Changelog ==

= 2.0.0 =

= 0.12.345 =
* Lorem ipsum dolor init
