{
  "name": "wpdtrt-generated-plugin",
  "version": "2.0.0"
}