
=== DTRT Generated Plugin ===
Contributors: dotherightthingnz
Donate link: http://dotherightthing.co.nz
Tags: blocks, maps, swatches
Requires at least: 4.9.5
Tested up to: 4.9.5
Requires PHP: 5.6.30
Stable tag: 2.0.0
License: GPLv2 or later
License URI: http://www.gnu.org/licenses/gpl-2.0.html

A plugin generated by DTRT WordPress Plugin Boilerplate Generator,
which piggybacks on the functionality within DTRT WordPress Plugin Boilerplate.

== Description ==

A plugin generated by DTRT WordPress Plugin Boilerplate Generator,
which piggybacks on the functionality within DTRT WordPress Plugin Boilerplate.

== Screenshots ==

1. The caption for ./images/screenshot-1.(png|jpg|jpeg|gif)
2. The caption for ./images/screenshot-2.(png|jpg|jpeg|gif)

== Changelog ==

= 2.0.0 =

= 0.12.345 =
* Lorem ipsum dolor init
