{
    "name": "dotherightthing/wpdtrt-plugin-boilerplate",
    "autoload": {
        "psr-4": {
            "DoTheRightThing\\WPDTRT_Plugin_Boilerplate\\r_1_0_0\\": "src"
        }
    }
}
