{
  "name": "wpdtrt-plugin-boilerplate",
  "version": "1.0.0"
}
